[2026-06-15T15:04:15.275Z] GET http://localhost:3001/ → pending (?ms, ?B)
[2026-06-15T15:04:17.281Z] GET http://localhost:3001/_next/static/media/797e433ab948586e-s.p.0r6juujl39pe6.woff2 → 200 (39ms, 23108B)
[2026-06-15T15:04:17.281Z] GET http://localhost:3001/_next/static/media/caa3a2e1cccd8315-s.p.0wgildi0cnwt9.woff2 → 200 (40ms, 29288B)
[2026-06-15T15:04:17.281Z] GET http://localhost:3001/_next/static/chunks/%5Broot-of-the-server%5D__0cbk-n2._.css → 200 (8ms, 7318B)
[2026-06-15T15:04:17.281Z] GET http://localhost:3001/_next/static/chunks/%5Bturbopack%5D_browser_dev_hmr-client_hmr-client_ts_1xx01vv._.js → 200 (43ms, 675B)
[2026-06-15T15:04:17.281Z] GET http://localhost:3001/_next/static/chunks/node_modules_next_dist_compiled_next-devtools_index_090k2jm.js → 200 (53ms, 217692B)
[2026-06-15T15:04:17.281Z] GET http://localhost:3001/_next/static/chunks/node_modules_next_dist_compiled_react-dom_096_9a-._.js → 200 (53ms, 184177B)
[2026-06-15T15:04:17.281Z] GET http://localhost:3001/_next/static/chunks/node_modules_next_dist_compiled_react-server-dom-turbopack_164kp-6._.js → 200 (43ms, 31850B)
[2026-06-15T15:04:17.281Z] GET http://localhost:3001/_next/static/chunks/node_modules_next_dist_compiled_1amofcm._.js → 200 (43ms, 28340B)
[2026-06-15T15:04:17.281Z] GET http://localhost:3001/_next/static/chunks/node_modules_next_dist_client_0r5nbpw._.js → 200 (52ms, 152624B)
[2026-06-15T15:04:17.281Z] GET http://localhost:3001/_next/static/chunks/node_modules_next_dist_1ybzpk2._.js → 200 (45ms, 46119B)
[2026-06-15T15:04:17.281Z] GET http://localhost:3001/_next/static/chunks/node_modules_%40swc_helpers_cjs_1r9vbqw._.js → 200 (45ms, 755B)
[2026-06-15T15:04:17.281Z] GET http://localhost:3001/_next/static/chunks/_1anvha4._.js → 200 (45ms, 756B)
[2026-06-15T15:04:17.281Z] GET http://localhost:3001/_next/static/chunks/turbopack-_01_ro95._.js → 200 (46ms, 22519B)
[2026-06-15T15:04:17.281Z] GET http://localhost:3001/_next/static/chunks/node_modules_next_dist_063hrcr._.js → 200 (46ms, 42763B)
[2026-06-15T15:04:17.281Z] GET http://localhost:3001/_next/static/chunks/app_layout_tsx_007e4b2._.js → 200 (46ms, 315B)
[2026-06-15T15:04:17.281Z] GET http://localhost:3001/_next/static/chunks/node_modules_next_dist_client_components_builtin_global-error_0nst43j.js → 200 (46ms, 212B)
[2026-06-15T15:04:17.419Z] GET http://localhost:3001/_next/static/chunks/%5Bturbopack%5D_browser_dev_hmr-client_hmr-client_ts_1mojsay._.js → 200 (7ms, 3904B)
[2026-06-15T15:04:17.419Z] GET http://localhost:3001/_next/static/chunks/%5Bturbopack%5D_browser_dev_hmr-client_hmr-client_ts_1xch-cm._.js → 200 (7ms, 289B)
[2026-06-15T15:04:31.295Z] GET http://localhost:3001/schedule → 200 (432ms, 5444B)
[2026-06-15T15:04:31.731Z] GET http://localhost:3001/_next/static/media/797e433ab948586e-s.p.0r6juujl39pe6.woff2 → 200 (?ms, -300B)
[2026-06-15T15:04:31.732Z] GET http://localhost:3001/_next/static/media/caa3a2e1cccd8315-s.p.0wgildi0cnwt9.woff2 → 200 (?ms, -300B)
[2026-06-15T15:04:31.732Z] GET http://localhost:3001/_next/static/chunks/%5Broot-of-the-server%5D__0cbk-n2._.css → 304 (2ms, ?B)
[2026-06-15T15:04:31.732Z] GET http://localhost:3001/_next/static/chunks/%5Bturbopack%5D_browser_dev_hmr-client_hmr-client_ts_1xx01vv._.js → 304 (5ms, ?B)
[2026-06-15T15:04:31.732Z] GET http://localhost:3001/_next/static/chunks/node_modules_next_dist_compiled_next-devtools_index_090k2jm.js → 304 (7ms, ?B)
[2026-06-15T15:04:31.732Z] GET http://localhost:3001/_next/static/chunks/node_modules_next_dist_compiled_react-dom_096_9a-._.js → 304 (7ms, ?B)
[2026-06-15T15:04:31.732Z] GET http://localhost:3001/_next/static/chunks/node_modules_next_dist_compiled_react-server-dom-turbopack_164kp-6._.js → 304 (7ms, ?B)
[2026-06-15T15:04:31.732Z] GET http://localhost:3001/_next/static/chunks/node_modules_next_dist_compiled_1amofcm._.js → 304 (12ms, ?B)
[2026-06-15T15:04:31.732Z] GET http://localhost:3001/_next/static/chunks/node_modules_next_dist_client_0r5nbpw._.js → 304 (7ms, ?B)
[2026-06-15T15:04:31.732Z] GET http://localhost:3001/_next/static/chunks/node_modules_next_dist_1ybzpk2._.js → 304 (11ms, ?B)
[2026-06-15T15:04:31.732Z] GET http://localhost:3001/_next/static/chunks/node_modules_%40swc_helpers_cjs_1r9vbqw._.js → 304 (12ms, ?B)
[2026-06-15T15:04:31.732Z] GET http://localhost:3001/_next/static/chunks/_1anvha4._.js → 304 (12ms, ?B)
[2026-06-15T15:04:31.732Z] GET http://localhost:3001/_next/static/chunks/turbopack-_01_ro95._.js → 304 (12ms, ?B)
[2026-06-15T15:04:31.732Z] GET http://localhost:3001/_next/static/chunks/node_modules_next_dist_063hrcr._.js → 304 (12ms, ?B)
[2026-06-15T15:04:31.732Z] GET http://localhost:3001/_next/static/chunks/app_layout_tsx_007e4b2._.js → 304 (12ms, ?B)
[2026-06-15T15:04:31.733Z] GET http://localhost:3001/_next/static/chunks/node_modules_next_dist_client_components_builtin_global-error_0nst43j.js → 304 (11ms, ?B)
[2026-06-15T15:04:31.752Z] GET http://localhost:3001/_next/static/chunks/%5Bturbopack%5D_browser_dev_hmr-client_hmr-client_ts_1mojsay._.js → 304 (3ms, ?B)
[2026-06-15T15:04:31.752Z] GET http://localhost:3001/_next/static/chunks/%5Bturbopack%5D_browser_dev_hmr-client_hmr-client_ts_1xch-cm._.js → 304 (3ms, ?B)
[2026-06-15T15:04:51.784Z] GET http://localhost:3001/admin → pending (?ms, ?B)
[2026-06-15T15:04:52.369Z] GET http://localhost:3001/_next/static/media/797e433ab948586e-s.p.0r6juujl39pe6.woff2 → 200 (?ms, -300B)
[2026-06-15T15:04:52.369Z] GET http://localhost:3001/_next/static/media/caa3a2e1cccd8315-s.p.0wgildi0cnwt9.woff2 → 200 (?ms, -300B)
[2026-06-15T15:04:52.370Z] GET http://localhost:3001/_next/static/chunks/%5Broot-of-the-server%5D__0cbk-n2._.css → 304 (5ms, ?B)
[2026-06-15T15:04:52.371Z] GET http://localhost:3001/_next/static/chunks/%5Bturbopack%5D_browser_dev_hmr-client_hmr-client_ts_1xx01vv._.js → 200 (14ms, ?B)
[2026-06-15T15:04:52.371Z] GET http://localhost:3001/_next/static/chunks/node_modules_next_dist_compiled_next-devtools_index_090k2jm.js → 200 (20ms, ?B)
[2026-06-15T15:04:52.371Z] GET http://localhost:3001/_next/static/chunks/node_modules_next_dist_compiled_react-dom_096_9a-._.js → 200 (18ms, ?B)
[2026-06-15T15:04:52.371Z] GET http://localhost:3001/_next/static/chunks/node_modules_next_dist_compiled_react-server-dom-turbopack_164kp-6._.js → 200 (16ms, ?B)
[2026-06-15T15:04:52.371Z] GET http://localhost:3001/_next/static/chunks/node_modules_next_dist_compiled_1amofcm._.js → 200 (14ms, ?B)
[2026-06-15T15:04:52.371Z] GET http://localhost:3001/_next/static/chunks/node_modules_next_dist_client_0r5nbpw._.js → 200 (18ms, ?B)
[2026-06-15T15:04:52.372Z] GET http://localhost:3001/_next/static/chunks/node_modules_next_dist_1ybzpk2._.js → 200 (15ms, ?B)
[2026-06-15T15:04:52.372Z] GET http://localhost:3001/_next/static/chunks/node_modules_%40swc_helpers_cjs_1r9vbqw._.js → 200 (15ms, ?B)
[2026-06-15T15:04:52.372Z] GET http://localhost:3001/_next/static/chunks/_1anvha4._.js → 200 (15ms, ?B)
[2026-06-15T15:04:52.372Z] GET http://localhost:3001/_next/static/chunks/turbopack-_01_ro95._.js → 200 (17ms, ?B)
[2026-06-15T15:04:52.372Z] GET http://localhost:3001/_next/static/chunks/node_modules_next_dist_063hrcr._.js → 200 (23ms, ?B)
[2026-06-15T15:04:52.372Z] GET http://localhost:3001/_next/static/chunks/app_layout_tsx_007e4b2._.js → 200 (17ms, ?B)
[2026-06-15T15:04:52.372Z] GET http://localhost:3001/_next/static/chunks/node_modules_next_dist_client_components_builtin_global-error_0nst43j.js → 200 (17ms, ?B)
[2026-06-15T15:04:52.395Z] GET http://localhost:3001/_next/static/chunks/%5Bturbopack%5D_browser_dev_hmr-client_hmr-client_ts_1mojsay._.js → 200 (3ms, ?B)
[2026-06-15T15:04:52.395Z] GET http://localhost:3001/_next/static/chunks/%5Bturbopack%5D_browser_dev_hmr-client_hmr-client_ts_1xch-cm._.js → 200 (3ms, ?B)
[2026-06-15T15:05:35.813Z] POST http://localhost:3001/admin → 303 (177ms, 9461B)
